TURN request#1 kind=interruptRewind mode=directToolLeaf source=live boundary=- registration=registered pathLength=18449 nextPrefix=18449 nextMiss=- prefilled=5489 newMessages=5483 glue=6 tailMs=9.7 renderMs=2.9 registerMs=6.8
TURN request#2 kind=toolContinuation mode=directToolLeaf source=live boundary=- registration=registered pathLength=24142 nextPrefix=24142 nextMiss=- prefilled=36 newMessages=30 glue=6 tailMs=7.2 renderMs=5.1 registerMs=2.2
TURN request#3 kind=interruptRewind mode=directToolLeaf source=live boundary=- registration=registered pathLength=24298 nextPrefix=24298 nextMiss=- prefilled=1085 newMessages=1079 glue=6 tailMs=6.2 renderMs=4.8 registerMs=1.4
TURN request#4 kind=interruptRewind mode=directToolLeaf source=live boundary=- registration=registered pathLength=26084 nextPrefix=26084 nextMiss=- prefilled=3510 newMessages=3504 glue=6 tailMs=11.1 renderMs=5.7 registerMs=5.4
TURN request#12 kind=toolContinuation mode=directToolLeaf source=live boundary=- registration=registered pathLength=2791 nextPrefix=2791 nextMiss=- prefilled=176 newMessages=170 glue=6 tailMs=1.2 renderMs=0.6 registerMs=0.6
TURN request#13 kind=canonicalUser mode=canonicalUserLeaf source=live boundary=- registration=registered pathLength=3057 nextPrefix=3057 nextMiss=- prefilled=20 newMessages=14 glue=6 tailMs=2.2 renderMs=0.7 registerMs=1.5
TURN request#14 kind=toolContinuation mode=directToolLeaf source=live boundary=- registration=registered pathLength=3262 nextPrefix=3262 nextMiss=- prefilled=78 newMessages=72 glue=6 tailMs=2.8 renderMs=0.9 registerMs=1.9
TURN request#15 kind=canonicalUser mode=canonicalUserLeaf source=live boundary=- registration=registered pathLength=3421 nextPrefix=3421 nextMiss=- prefilled=18 newMessages=12 glue=6 tailMs=2.4 renderMs=1.0 registerMs=1.4
TURN request#17 kind=toolContinuation mode=directToolLeaf source=live boundary=- registration=registered pathLength=2871 nextPrefix=2871 nextMiss=- prefilled=1708 newMessages=1702 glue=6 tailMs=1.8 renderMs=0.7 registerMs=1.1
TURN request#18 kind=toolContinuation mode=directToolLeaf source=live boundary=- registration=registered pathLength=17684 nextPrefix=17684 nextMiss=- prefilled=27 newMessages=21 glue=6 tailMs=86.3 renderMs=1.0 registerMs=85.3
TURN request#19 kind=toolContinuation mode=directToolLeaf source=live boundary=- registration=registered pathLength=18031 nextPrefix=18031 nextMiss=- prefilled=33 newMessages=27 glue=6 tailMs=4.0 renderMs=1.2 registerMs=2.8
TURN request#20 kind=toolContinuation mode=directToolLeaf source=live boundary=- registration=registered pathLength=18389 nextPrefix=18389 nextMiss=- prefilled=51 newMessages=45 glue=6 tailMs=4.4 renderMs=1.3 registerMs=3.1
TURN request#28 kind=toolContinuation mode=directToolLeaf source=live boundary=- registration=registered pathLength=31558 nextPrefix=31558 nextMiss=- prefilled=27 newMessages=21 glue=6 tailMs=81.4 renderMs=1.7 registerMs=79.8
TURN request#29 kind=toolContinuation mode=directToolLeaf source=live boundary=- registration=registered pathLength=32031 nextPrefix=32031 nextMiss=- prefilled=18 newMessages=12 glue=6 tailMs=5.7 renderMs=1.8 registerMs=3.9
TURN request#30 kind=canonicalUser mode=canonicalUserLeaf source=live boundary=- registration=registered pathLength=32483 nextPrefix=32483 nextMiss=- prefilled=13 newMessages=7 glue=6 tailMs=8.8 renderMs=1.9 registerMs=6.9
TURN request#31 kind=canonicalUser mode=canonicalUserLeaf source=live boundary=- registration=registered pathLength=32562 nextPrefix=32562 nextMiss=- prefilled=14 newMessages=8 glue=6 tailMs=3.2 renderMs=2.0 registerMs=1.2
TURN request#32 kind=toolContinuation mode=directToolLeaf source=live boundary=- registration=registered pathLength=33693 nextPrefix=33693 nextMiss=- prefilled=51 newMessages=45 glue=6 tailMs=10.1 renderMs=2.2 registerMs=7.9
TURN request#33 kind=toolContinuation mode=directToolLeaf source=live boundary=- registration=registered pathLength=34648 nextPrefix=34648 nextMiss=- prefilled=33 newMessages=27 glue=6 tailMs=8.6 renderMs=2.5 registerMs=6.0
TURN request#34 kind=toolContinuation mode=directToolLeaf source=live boundary=- registration=registered pathLength=34781 nextPrefix=34781 nextMiss=- prefilled=18 newMessages=12 glue=6 tailMs=3.8 renderMs=2.7 registerMs=1.1
TURN request#35 kind=canonicalUser mode=canonicalUserLeaf source=live boundary=- registration=registered pathLength=35198 nextPrefix=35198 nextMiss=- prefilled=17 newMessages=11 glue=6 tailMs=7.6 renderMs=2.7 registerMs=4.9
TURN request#36 kind=toolContinuation mode=directToolLeaf source=live boundary=- registration=registered pathLength=36084 nextPrefix=36084 nextMiss=- prefilled=33 newMessages=27 glue=6 tailMs=9.0 renderMs=2.9 registerMs=6.0
TURN request#37 kind=toolContinuation mode=directToolLeaf source=live boundary=- registration=registered pathLength=36589 nextPrefix=36589 nextMiss=- prefilled=33 newMessages=27 glue=6 tailMs=7.2 renderMs=3.2 registerMs=4.0
TURN request#38 kind=toolContinuation mode=directToolLeaf source=live boundary=- registration=registered pathLength=36751 nextPrefix=36751 nextMiss=- prefilled=18 newMessages=12 glue=6 tailMs=5.4 renderMs=3.9 registerMs=1.5
TURN request#39 kind=canonicalUser mode=canonicalUserLeaf source=live boundary=- registration=registered pathLength=37061 nextPrefix=37061 nextMiss=- prefilled=32 newMessages=26 glue=6 tailMs=7.5 renderMs=3.4 registerMs=4.1
TURN request#40 kind=toolContinuation mode=directToolLeaf source=live boundary=- registration=registered pathLength=45028 nextPrefix=45028 nextMiss=- prefilled=33 newMessages=27 glue=6 tailMs=57.2 renderMs=3.7 registerMs=53.5
TURN request#41 kind=toolContinuation mode=directToolLeaf source=live boundary=- registration=registered pathLength=45397 nextPrefix=45397 nextMiss=- prefilled=33 newMessages=27 glue=6 tailMs=7.2 renderMs=4.1 registerMs=3.1
TURN request#42 kind=toolContinuation mode=directToolLeaf source=live boundary=- registration=registered pathLength=45640 nextPrefix=45640 nextMiss=- prefilled=18 newMessages=12 glue=6 tailMs=6.4 renderMs=4.1 registerMs=2.2
TURN request#43 kind=canonicalUser mode=canonicalUserLeaf source=live boundary=- registration=registered pathLength=46107 nextPrefix=46107 nextMiss=- prefilled=47 newMessages=41 glue=6 tailMs=11.2 renderMs=4.2 registerMs=7.0
TURN request#44 kind=toolContinuation mode=directToolLeaf source=live boundary=- registration=registered pathLength=49651 nextPrefix=49651 nextMiss=- prefilled=611 newMessages=605 glue=6 tailMs=30.1 renderMs=4.3 registerMs=25.8
TURN request#45 kind=toolContinuation mode=directToolLeaf source=live boundary=- registration=registered pathLength=50726 nextPrefix=50726 nextMiss=- prefilled=33 newMessages=27 glue=6 tailMs=9.2 renderMs=4.7 registerMs=4.5
TURN request#46 kind=toolContinuation mode=directToolLeaf source=live boundary=- registration=registered pathLength=50888 nextPrefix=50888 nextMiss=- prefilled=18 newMessages=12 glue=6 tailMs=6.3 renderMs=4.8 registerMs=1.6
TURN request#47 kind=canonicalUser mode=canonicalUserLeaf source=live boundary=- registration=registered pathLength=51284 nextPrefix=51284 nextMiss=- prefilled=73 newMessages=67 glue=6 tailMs=10.4 renderMs=4.8 registerMs=5.7
TURN request#48 kind=toolContinuation mode=directToolLeaf source=live boundary=- registration=registered pathLength=54367 nextPrefix=54367 nextMiss=- prefilled=69 newMessages=63 glue=6 tailMs=28.7 renderMs=4.9 registerMs=23.8
TURN request#49 kind=toolContinuation mode=directToolLeaf source=live boundary=- registration=registered pathLength=54595 nextPrefix=54595 nextMiss=- prefilled=2029 newMessages=2023 glue=6 tailMs=6.9 renderMs=5.1 registerMs=1.8
TURN request#50 kind=toolContinuation mode=directToolLeaf source=live boundary=- registration=registered pathLength=62654 nextPrefix=62654 nextMiss=- prefilled=33 newMessages=27 glue=6 tailMs=42.0 renderMs=5.4 registerMs=36.7
TURN request#51 kind=toolContinuation mode=directToolLeaf source=live boundary=- registration=registered pathLength=62882 nextPrefix=62882 nextMiss=- prefilled=18 newMessages=12 glue=6 tailMs=7.6 renderMs=5.6 registerMs=2.0
TURN request#52 kind=canonicalUser mode=canonicalUserLeaf source=live boundary=- registration=registered pathLength=63489 nextPrefix=63489 nextMiss=- prefilled=47 newMessages=41 glue=6 tailMs=14.3 renderMs=5.8 registerMs=8.5
TURN request#53 kind=toolContinuation mode=directToolLeaf source=live boundary=- registration=registered pathLength=66129 nextPrefix=66129 nextMiss=- prefilled=296 newMessages=290 glue=6 tailMs=26.5 renderMs=5.7 registerMs=20.8
TURN request#54 kind=toolContinuation mode=directToolLeaf source=live boundary=- registration=registered pathLength=67344 nextPrefix=67344 nextMiss=- prefilled=24 newMessages=18 glue=6 tailMs=13.3 renderMs=5.9 registerMs=7.4
TURN request#55 kind=toolContinuation mode=directToolLeaf source=live boundary=- registration=registered pathLength=68017 nextPrefix=68017 nextMiss=- prefilled=156 newMessages=150 glue=6 tailMs=12.0 renderMs=6.3 registerMs=5.6
TURN request#56 kind=toolContinuation mode=directToolLeaf source=live boundary=- registration=registered pathLength=68323 nextPrefix=68323 nextMiss=- prefilled=30 newMessages=24 glue=6 tailMs=7.7 renderMs=6.2 registerMs=1.5
TURN request#57 kind=toolContinuation mode=directToolLeaf source=live boundary=- registration=registered pathLength=68417 nextPrefix=68417 nextMiss=- prefilled=318 newMessages=312 glue=6 tailMs=7.5 renderMs=6.6 registerMs=0.9
TURN request#58 kind=toolContinuation mode=directToolLeaf source=live boundary=- registration=registered pathLength=68884 nextPrefix=68884 nextMiss=- prefilled=30 newMessages=24 glue=6 tailMs=8.1 renderMs=6.7 registerMs=1.5
TURN request#59 kind=toolContinuation mode=directToolLeaf source=live boundary=- registration=registered pathLength=69383 nextPrefix=69383 nextMiss=- prefilled=30 newMessages=24 glue=6 tailMs=10.4 renderMs=6.8 registerMs=3.6
TURN request#60 kind=toolContinuation mode=directToolLeaf source=live boundary=- registration=registered pathLength=69588 nextPrefix=69588 nextMiss=- prefilled=30 newMessages=24 glue=6 tailMs=8.8 renderMs=7.0 registerMs=1.8
TURN request#61 kind=toolContinuation mode=directToolLeaf source=live boundary=- registration=registered pathLength=69689 nextPrefix=69689 nextMiss=- prefilled=243 newMessages=237 glue=6 tailMs=8.3 renderMs=7.3 registerMs=1.0
TURN request#62 kind=toolContinuation mode=directToolLeaf source=live boundary=- registration=registered pathLength=70019 nextPrefix=70019 nextMiss=- prefilled=304 newMessages=298 glue=6 tailMs=9.1 renderMs=7.9 registerMs=1.2
TURN request#63 kind=toolContinuation mode=directToolLeaf source=live boundary=- registration=registered pathLength=70503 nextPrefix=70503 nextMiss=- prefilled=396 newMessages=390 glue=6 tailMs=9.6 renderMs=7.6 registerMs=1.9
TURN request#64 kind=toolContinuation mode=directToolLeaf source=live boundary=- registration=registered pathLength=71226 nextPrefix=71226 nextMiss=- prefilled=30 newMessages=24 glue=6 tailMs=10.7 renderMs=7.8 registerMs=2.9
TURN request#65 kind=toolContinuation mode=directToolLeaf source=live boundary=- registration=registered pathLength=71320 nextPrefix=71320 nextMiss=- prefilled=198 newMessages=192 glue=6 tailMs=8.7 renderMs=7.8 registerMs=0.9
TURN request#66 kind=toolContinuation mode=directToolLeaf source=live boundary=- registration=registered pathLength=76681 nextPrefix=76681 nextMiss=- prefilled=33 newMessages=27 glue=6 tailMs=42.5 renderMs=8.1 registerMs=34.4
TURN request#67 kind=toolContinuation mode=directToolLeaf source=live boundary=- registration=registered pathLength=77703 nextPrefix=77703 nextMiss=- prefilled=33 newMessages=27 glue=6 tailMs=17.1 renderMs=9.0 registerMs=8.1
TURN request#68 kind=toolContinuation mode=directToolLeaf source=live boundary=- registration=registered pathLength=77931 nextPrefix=77931 nextMiss=- prefilled=340 newMessages=334 glue=6 tailMs=10.6 renderMs=8.5 registerMs=2.1
TURN request#69 kind=toolContinuation mode=directToolLeaf source=live boundary=- registration=registered pathLength=78514 nextPrefix=78514 nextMiss=- prefilled=30 newMessages=24 glue=6 tailMs=11.1 renderMs=8.9 registerMs=2.3
TURN request#70 kind=toolContinuation mode=directToolLeaf source=live boundary=- registration=registered pathLength=78605 nextPrefix=78605 nextMiss=- prefilled=202 newMessages=196 glue=6 tailMs=9.7 renderMs=8.8 registerMs=0.9
TURN request#71 kind=toolContinuation mode=directToolLeaf source=live boundary=- registration=registered pathLength=78940 nextPrefix=78940 nextMiss=- prefilled=18 newMessages=12 glue=6 tailMs=10.6 renderMs=9.1 registerMs=1.5
TURN request#72 kind=canonicalUser mode=canonicalUserLeaf source=live boundary=- registration=registered pathLength=79599 nextPrefix=79599 nextMiss=- prefilled=74 newMessages=68 glue=6 tailMs=17.9 renderMs=9.4 registerMs=8.5
TURN request#73 kind=toolContinuation mode=directToolLeaf source=live boundary=- registration=registered pathLength=83556 nextPrefix=83556 nextMiss=- prefilled=79 newMessages=73 glue=6 tailMs=38.7 renderMs=9.1 registerMs=29.6
TURN request#74 kind=toolContinuation mode=directToolLeaf source=live boundary=- registration=registered pathLength=83901 nextPrefix=83901 nextMiss=- prefilled=176 newMessages=170 glue=6 tailMs=12.2 renderMs=9.6 registerMs=2.6
TURN request#75 kind=toolContinuation mode=directToolLeaf source=live boundary=- registration=registered pathLength=84126 nextPrefix=84126 nextMiss=- prefilled=51 newMessages=45 glue=6 tailMs=11.0 renderMs=10.1 registerMs=0.9
TURN request#76 kind=toolContinuation mode=directToolLeaf source=live boundary=- registration=registered pathLength=84887 nextPrefix=84887 nextMiss=- prefilled=316 newMessages=310 glue=6 tailMs=15.2 renderMs=9.5 registerMs=5.7
TURN request#77 kind=toolContinuation mode=directToolLeaf source=live boundary=- registration=registered pathLength=85909 nextPrefix=85909 nextMiss=- prefilled=17 newMessages=11 glue=6 tailMs=15.5 renderMs=9.7 registerMs=5.7
TURN request#78 kind=toolContinuation mode=directToolLeaf source=live boundary=- registration=registered pathLength=86777 nextPrefix=86777 nextMiss=- prefilled=175 newMessages=169 glue=6 tailMs=16.7 renderMs=9.8 registerMs=6.9
TURN request#79 kind=toolContinuation mode=directToolLeaf source=live boundary=- registration=registered pathLength=91416 nextPrefix=91416 nextMiss=- prefilled=33 newMessages=27 glue=6 tailMs=42.5 renderMs=10.1 registerMs=32.3
TURN request#80 kind=toolContinuation mode=directToolLeaf source=live boundary=- registration=registered pathLength=92307 nextPrefix=92307 nextMiss=- prefilled=131 newMessages=125 glue=6 tailMs=17.1 renderMs=10.5 registerMs=6.6
TURN request#81 kind=toolContinuation mode=directToolLeaf source=live boundary=- registration=registered pathLength=92759 nextPrefix=92759 nextMiss=- prefilled=18 newMessages=12 glue=6 tailMs=13.6 renderMs=10.3 registerMs=3.3
emitted-path corpus total: recordings=85 sessions=1 boundaries=66 registered=66 exempt=0 skips=[:] sources=["live": 66] nextResolved=66 nextMisses=[:] nextSuffixTokens=19081 slowestTailMs=86.3 longestPath=92759 undecodable=0 index=[entries=66 idBytes=27928632 registrations=66 overwrites=0 evictions=0 rejectedTooLarge=0 resolves=218 hits=215 misses=[noEntry=3] fidelityRejections=0]
emitted-path corpus: no trace-*.jsonl beside the recordings; live tail unchecked
